
> cartuchos-atacado@0.1.0 build
> next build

node.exe : ÔÜá Warning: Next.js inferred your workspace 
root, but it may not be correct.
No linha:1 caractere:1
+ & "C:\Program Files\nodejs/node.exe" "C:\Program 
Files\nodejs/node_mo ...
+ ~~~~~~~~~~~~~~~~~~~~~~~~~~~~~~~~~~~~~~~~~~~~~~~~~~~~~~~~~~~
~~~~~~~~~~
    + CategoryInfo          : NotSpecified: (ÔÜá Warning: Ne 
   ...not be correct.:String) [], RemoteException
    + FullyQualifiedErrorId : NativeCommandError
 
 We detected multiple lockfiles and selected the directory 
of C:\Users\gamas\package-lock.json as the root directory.
 To silence this warning, set `turbopack.root` in your 
Next.js config, or consider removing one of the lockfiles if 
it's not needed.
   See https://nextjs.org/docs/app/api-reference/config/next-
config-js/turbopack#root-directory for more information.
 Detected additional lockfiles: 
   * C:\Users\gamas\Desktop\MeusProjetos\Cartuchos\rj-print\p
ackage-lock.json

Ôû▓ Next.js 16.2.1 (Turbopack)

  Creating an optimized production build ...
Ô£ô Compiled successfully in 1965ms
  Running TypeScript ...
  Finished TypeScript in 78ms ...
  Collecting page data using 8 workers ...
  Generating static pages using 8 workers (0/7) ...
  Generating static pages using 8 workers (1/7) 
  Generating static pages using 8 workers (3/7) 
  Generating static pages using 8 workers (5/7) 
Ô£ô Generating static pages using 8 workers (7/7) in 509ms
  Finalizing page optimization ...

Route (app)
Ôöî Ôùï /
Ôö£ Ôùï /_not-found
Ôö£ Ôùï /manifest.webmanifest
Ôö£ Ôùï /robots.txt
Ôöö Ôùï /sitemap.xml


Ôùï  (Static)  prerendered as static content

